// Jest Snapshot v1, https://goo.gl/fbAQLP

exports[`ProductList renders correctly 1`] = `
<div>
  <div
    data-testid="productList"
  >
    <div
      class="productList"
    />
    <div
      class="pagination"
    />
  </div>
</div>
`;
