// Jest Snapshot v1, https://goo.gl/fbAQLP

exports[`Logo renders correctly 1`] = `
<div>
  <div
    class="subHeader flex-center-between"
  >
    <div>
      <h1
        class="title"
      >
        cep telefonları 
      </h1>
      
    </div>
    <select
      class="select"
    >
      <option
        value=""
      >
        sıralama
      </option>
      <option
        value="min"
      >
        en düşük fiyat
      </option>
      <option
        value="max"
      >
        en yüksek fiyat
      </option>
      <option
        value="az"
      >
        en yeniler (A-Z)
      </option>
      <option
        value="za"
      >
        en yeniler (Z-A)
      </option>
    </select>
  </div>
</div>
`;
