// Jest Snapshot v1, https://goo.gl/fbAQLP

exports[`ProductCard renders correctly 1`] = `
<div>
  <li
    class="productCard"
  >
    <div
      class="imageWrapper flex-center"
    >
      <span
        style="box-sizing: border-box; display: inline-block; overflow: hidden; background: none; opacity: 1; border: 0px; margin: 0px; padding: 0px; position: relative; max-width: 100%;"
      >
        <span
          style="box-sizing: border-box; display: block; background: none; opacity: 1; border: 0px; margin: 0px; padding: 0px; max-width: 100%;"
        >
          <img
            alt=""
            aria-hidden="true"
            src="data:image/svg+xml;base64,PHN2ZyB3aWR0aD0iMjI0IiBoZWlnaHQ9IjMzMiIgeG1sbnM9Imh0dHA6Ly93d3cudzMub3JnLzIwMDAvc3ZnIiB2ZXJzaW9uPSIxLjEiLz4="
            style="display: block; max-width: 100%; background: none; opacity: 1; border: 0px; margin: 0px; padding: 0px;"
          />
        </span>
        <img
          alt=""
          class="image"
          data-nimg="intrinsic"
          decoding="async"
          src="data:image/gif;base64,R0lGODlhAQABAIAAAAAAAP///yH5BAEAAAAALAAAAAABAAEAAAIBRAA7"
          style="position: absolute; top: 0px; left: 0px; bottom: 0px; right: 0px; box-sizing: border-box; padding: 0px; margin: auto; display: block; width: 0px; height: 0px; min-width: 100%; max-width: 100%; min-height: 100%; max-height: 100%;"
        />
        <noscript />
      </span>
    </div>
    <div
      class="detail"
    >
      <p
        class="title"
      >
         
        
         
      </p>
      <div
        class="info"
      >
        <p
          class="brand"
        >
          <span
            class="subTitle"
          >
            marka:
          </span>
           
          <span />
        </p>
        <p
          class="color"
        >
          <span
            class="subTitle"
          >
            renk:
          </span>
          <span />
        </p>
        <div
          class="priceWrapper"
        >
          <p
            class="price"
          >
             
            NaN
             TL 
          </p>
          <div>
            <span
              class="discountPrice"
            />
            <span
              class="discountPercent"
            >
               
              0
              % 
            </span>
          </div>
        </div>
      </div>
      <button
        class="button flex-center addToCart addToCart"
        type="button"
      >
        sepete ekle
         
      </button>
    </div>
  </li>
</div>
`;
